// Vitest Snapshot v1, https://vitest.dev/guide/snapshot.html

exports[`BetaText > Component structure > should match snapshot when not rendered 1`] = `<!--v-if-->`;

exports[`BetaText > Component structure > should match snapshot when rendered 1`] = `
<section
  class="beta_text_container"
  data-testid="beta-container"
  data-v-9ad7ff1d=""
>
  <p
    class="beta_text"
    data-testid="beta-text"
    data-v-9ad7ff1d=""
  >
     BETA 
  </p>
</section>
`;
