// Vitest Snapshot v1, https://vitest.dev/guide/snapshot.html

exports[`HeaderSelectDashboard > Should match the snapshot 1`] = `
<div
  data-v-app=""
>
  
  <div
    class="header-select-dashboard"
    data-onboarding-id="select-dashboard"
    data-v-054061ac=""
    open="false"
    position="bottom-right"
    useopenprop=""
  >
    
    <section
      class="header-select-dashboard__trigger"
      data-v-054061ac=""
    >
      <unnnic-icon-stub
        class="header-select-dashboard__arrow-back"
        clickable="true"
        data-testid="back-icon"
        data-v-054061ac=""
        filled="false"
        icon="arrow_back"
        scheme="neutral-darkest"
        size="md"
      />
      <section
        class="header-select-dashboard__title"
        data-testid="dropdown-trigger"
        data-v-054061ac=""
      >
        <h1
          class="trigger__title"
          data-testid="dashboard-title"
          data-v-054061ac=""
          title="Dashboard 1"
        >
          Dashboard 1
        </h1>
        <!--v-if-->
      </section>
      <unnnic-icon-stub
        clickable="false"
        data-testid="expand-icon"
        data-v-054061ac=""
        filled="false"
        icon="expand_more"
        scheme="neutral-darkest"
        size="md"
      />
    </section>
    
    
    
    <option-select-dashboard-stub
      dashboard="[object Object]"
      data-testid="select-dashboard-item"
      data-v-054061ac=""
    />
    <option-select-dashboard-stub
      dashboard="[object Object]"
      data-testid="select-dashboard-item"
      data-v-054061ac=""
    />
    
    <option-create-new-dashboard-stub
      data-onboarding-id="create-dashboard-button"
      data-testid="add-new-dashboard-button"
      data-v-054061ac=""
    />
    
  </div>
  <drawer-dashboard-config-stub
    data-testid="drawer-dashboard-config"
    data-v-054061ac=""
    modelvalue="true"
  />
  
</div>
`;
