// Vitest Snapshot v1, https://vitest.dev/guide/snapshot.html

exports[`OptionSelectDashboard > Should match the snapshot 1`] = `
<a
  class="unnnic-dropdown-item unnnic--clickable option-select-dashboard"
  data-testid="option-select-dashboard"
  data-v-000aa0c0=""
>
  
  Dashboard 1 
  <span
    class="material-symbols-rounded unnnic-icon-scheme--neutral-clean unnnic-icon-size--md unnnic--clickable option-select-dashboard__star-icon"
    data-testid="star-icon"
    data-v-000aa0c0=""
    data-v-9846e6db=""
    translate="no"
  >
    star_rate
  </span>
  
</a>
`;
