// Vitest Snapshot v1, https://vitest.dev/guide/snapshot.html

exports[`OptionSelectDashboard > Should match the snapshot 1`] = `
<a
  class="unnnic-dropdown-item unnnic--clickable option-select-dashboard"
  data-testid="option-select-dashboard"
  data-v-000aa0c0=""
>
  
  <section
    class="option-select-dashboard__content"
    data-v-000aa0c0=""
  >
    Dashboard 1 
    <!--v-if-->
  </section>
  <unnnic-icon-stub
    class="option-select-dashboard__star-icon"
    clickable="true"
    data-testid="star-icon"
    data-v-000aa0c0=""
    filled="false"
    icon="star_rate"
    scheme="neutral-clean"
    size="md"
  />
  
</a>
`;
