// Vitest Snapshot v1, https://vitest.dev/guide/snapshot.html

exports[`OptionCreateNewDashboard > Should match the snapshot 1`] = `
<a
  class="unnnic-dropdown-item unnnic--clickable option-create-new-dashboard"
  data-testid="option-new-dashboard"
  data-v-966a3d2f=""
>
  
  <span
    class="material-symbols-rounded unnnic-icon-scheme--neutral-darkest unnnic-icon-size--md"
    data-testid="option-new-dashboard-icon"
    data-v-966a3d2f=""
    data-v-9846e6db=""
    translate="no"
  >
    add
  </span>
   New dashboard
  
</a>
`;
