// Vitest Snapshot v1, https://vitest.dev/guide/snapshot.html

exports[`OptionCreateNewDashboard > Should match the snapshot 1`] = `
<a
  class="unnnic-dropdown-item unnnic--clickable option-create-new-dashboard"
  data-testid="option-new-dashboard"
  data-v-966a3d2f=""
>
  
  <unnnic-icon-stub
    clickable="false"
    data-testid="option-new-dashboard-icon"
    data-v-966a3d2f=""
    filled="false"
    icon="add"
    next="false"
    scheme="neutral-darkest"
    size="md"
  />
   New dashboard
  
</a>
`;
