// Vitest Snapshot v1, https://vitest.dev/guide/snapshot.html

exports[`Monitoring > Component structure > should match snapshot 1`] = `
<section
  class="monitoring"
  data-testid="monitoring"
  data-v-ada4682d=""
>
  <service-status-stub
    data-testid="monitoring-service-status"
    data-v-ada4682d=""
  />
  <time-metrics-stub
    data-testid="monitoring-time-metrics"
    data-v-ada4682d=""
  />
</section>
`;
