// Vitest Snapshot v1, https://vitest.dev/guide/snapshot.html

exports[`TimeMetrics > Component structure > should match snapshot 1`] = `
<section
  class="time-metrics"
  data-testid="time-metrics"
  data-v-3fd5bf3d=""
>
  <!--v-if-->
  <p
    class="time-metrics__title"
    data-testid="time-metrics-title"
    data-v-3fd5bf3d=""
  >
    Time metrics now
  </p>
  <section
    class="time-metrics__cards"
    data-testid="time-metrics-cards"
    data-v-3fd5bf3d=""
  >
    
    <card-conversations-stub
      activedescriptiongap="true"
      borderradius="full"
      class="time-metrics__card"
      data-v-3fd5bf3d=""
      description="Max: 1m 45s"
      enabletimeicon="true"
      isclickable="true"
      isloading="false"
      title="Average time in waiting"
      tooltipinfo="Average time contacts wait in the queue until the support starts"
      tooltipside="top"
      value="40s"
    />
    <card-conversations-stub
      activedescriptiongap="true"
      borderradius="full"
      class="time-metrics__card"
      data-v-3fd5bf3d=""
      description="Max: 2m 23s"
      enabletimeicon="true"
      isclickable="true"
      isloading="false"
      title="Average time for first response"
      tooltipinfo="Average time until the first message from the agent after the room is assigned"
      tooltipside="top"
      value="1m 12s"
    />
    <card-conversations-stub
      activedescriptiongap="true"
      borderradius="full"
      class="time-metrics__card"
      data-v-3fd5bf3d=""
      description="Max: 40m 23s"
      enabletimeicon="true"
      isclickable="true"
      isloading="false"
      title="Average support duration"
      tooltipinfo="Average total duration of the conversation, from the start of the support with the agent until it is finalized"
      tooltipside="left"
      value="28m 30s"
    />
    
  </section>
</section>
`;
