// Vitest Snapshot v1, https://vitest.dev/guide/snapshot.html

exports[`HumanSupport FormCheckbox > Component structure > should match snapshot 1`] = `
<export-checkboxs-stub
  data-testid="human-support-form-checkbox"
  enabledmodels="[object Object]"
  isloading="false"
  modelfields="[object Object]"
  modelfilters="[object Object],[object Object],[object Object],[object Object]"
  selectedfields="[object Object]"
/>
`;
