// Vitest Snapshot v1, https://vitest.dev/guide/snapshot.html

exports[`CheckboxList > should render label and list 1`] = `
<ol
  data-v-2e73b81b=""
>
  <section
    class="unnnic-label"
    data-testid="checkbox-list-label"
    data-v-2e73b81b=""
    data-v-a4b997a0=""
  >
    <p
      class="unnnic-label__label"
      data-v-a4b997a0=""
    >
      Label
    </p>
    <!---->
  </section>
  <section
    class="checkbox-list"
    data-v-2e73b81b=""
  >
    
    <li
      class="checkbox-list__checkbox"
      data-v-2e73b81b=""
    >
      <section
        class="unnnic-checkbox-wrapper"
        data-testid="checkbox"
        data-v-2e73b81b=""
        data-v-7fe6356c=""
      >
        <svg
          class="unnnic-icon unnnic-icon--size-svg-md unnnic-icon__size--md unnnic-icon-scheme--neutral-clean unnnic-checkbox disabled"
          data-testid="custom-icon"
          data-v-62451e85=""
          data-v-f5f8c62c=""
          fill="none"
          height="40"
          viewBox="0 0 40 40"
          width="40"
          xmlns="http://www.w3.org/2000/svg"
        >
          <input
            class="unnnic-checkbox"
            data-v-7fe6356c=""
            disabled=""
            type="checkbox"
          />
          <p
            class="unnnic-checkbox__label unnnic-checkbox__label--disabled"
            data-testid="checkbox-text-right"
            data-v-7fe6356c=""
          >
            Check 1
          </p>
        </label>
        <!---->
      </section>
    </li>
    <li
      class="checkbox-list__checkbox"
      data-v-2e73b81b=""
    >
      <section
        class="unnnic-checkbox-wrapper"
        data-testid="checkbox"
        data-v-2e73b81b=""
        data-v-7fe6356c=""
      >
        <svg
          class="unnnic-icon unnnic-icon--size-svg-md unnnic-icon__size--md unnnic--clickable unnnic-icon-scheme--neutral-clean unnnic-checkbox"
          data-testid="custom-icon"
          data-v-62451e85=""
          data-v-f5f8c62c=""
          fill="none"
          height="40"
          viewBox="0 0 40 40"
          width="40"
          xmlns="http://www.w3.org/2000/svg"
        >
          <input
            class="unnnic-checkbox"
            data-v-7fe6356c=""
            type="checkbox"
          />
          <p
            class="unnnic-checkbox__label"
            data-testid="checkbox-text-right"
            data-v-7fe6356c=""
          >
            Check 2
          </p>
        </label>
        <!---->
      </section>
    </li>
    <li
      class="checkbox-list__checkbox"
      data-v-2e73b81b=""
    >
      <section
        class="unnnic-checkbox-wrapper"
        data-testid="checkbox"
        data-v-2e73b81b=""
        data-v-7fe6356c=""
      >
        <svg
          class="unnnic-icon unnnic-icon--size-svg-md unnnic-icon__size--md unnnic--clickable unnnic-icon-scheme--brand-weni unnnic-checkbox"
          data-testid="custom-icon"
          data-v-62451e85=""
          data-v-f5f8c62c=""
          fill="none"
          height="40"
          viewBox="0 0 40 40"
          width="40"
          xmlns="http://www.w3.org/2000/svg"
        >
          <input
            checked=""
            class="unnnic-checkbox"
            data-v-7fe6356c=""
            type="checkbox"
          />
          <p
            class="unnnic-checkbox__label"
            data-testid="checkbox-text-right"
            data-v-7fe6356c=""
          >
            Check 3
          </p>
        </label>
        <!---->
      </section>
    </li>
    
  </section>
</ol>
`;
