// Vitest Snapshot v1, https://vitest.dev/guide/snapshot.html

exports[`ExportFooter > Component structure > should match snapshot 1`] = `
<section
  class="export-footer"
  data-testid="export-footer"
  data-v-4f08a4d6=""
>
  <section
    class="export-footer__format"
    data-testid="export-footer-format"
    data-v-4f08a4d6=""
  >
    <unnnic-label-stub
      data-v-4f08a4d6=""
      label="Format"
      tooltip=""
      usehtmltooltip="false"
    />
    <section
      class="unnnic-radio"
      data-testid="radio-format-xlsx"
      data-v-2121c2c4=""
      data-v-4f08a4d6=""
    >
      <label
        class="unnnic-radio__input-wrapper"
        data-v-2121c2c4=""
      >
        <input
          checked=""
          class="unnnic-radio__input"
          data-v-2121c2c4=""
          name=""
          type="radio"
        />
        <p
          class="unnnic-radio__label"
          data-v-2121c2c4=""
        >
           
          
          .XLSX
          
        </p>
        <!---->
      </label>
    </section>
    <section
      class="unnnic-radio"
      data-testid="radio-format-csv"
      data-v-2121c2c4=""
      data-v-4f08a4d6=""
    >
      <label
        class="unnnic-radio__input-wrapper"
        data-v-2121c2c4=""
      >
        <input
          class="unnnic-radio__input"
          data-v-2121c2c4=""
          name=""
          type="radio"
        />
        <p
          class="unnnic-radio__label"
          data-v-2121c2c4=""
        >
           
          
          .CSV
          
        </p>
        <!---->
      </label>
    </section>
  </section>
  <section
    class="export-footer__terms"
    data-testid="export-footer-terms"
    data-v-4f08a4d6=""
  >
    <p
      class="export-footer__terms-warning"
      data-testid="export-footer-warning"
      data-v-4f08a4d6=""
    >
      <unnnic-icon-stub
        clickable="false"
        data-v-4f08a4d6=""
        filled="true"
        icon="alert-circle-1"
        next=""
        scheme="feedback-yellow"
        size="ant"
      />
      Warning message
    </p>
    <section
      class="unnnic-checkbox"
      data-testid="export-footer-accept-terms"
      data-v-14c8c277=""
      data-v-4f08a4d6=""
    >
      <label
        class="unnnic-checkbox__input-wrapper"
        data-v-14c8c277=""
      >
        <input
          class="unnnic-checkbox__input"
          data-v-14c8c277=""
          type="checkbox"
        />
        <p
          class="unnnic-checkbox__label"
          data-testid="checkbox-text-right"
          data-v-14c8c277=""
        >
          I accept terms
        </p>
      </label>
      <!---->
    </section>
  </section>
</section>
`;
