// Vitest Snapshot v1, https://vitest.dev/guide/snapshot.html

exports[`ExportFooter > Component structure > should match snapshot 1`] = `
<section
  class="export-footer"
  data-testid="export-footer"
  data-v-4f08a4d6=""
>
  <section
    class="export-footer__format"
    data-testid="export-footer-format"
    data-v-4f08a4d6=""
  >
    <unnnic-label-stub
      data-v-4f08a4d6=""
      label="Format"
      tooltip=""
      usehtmltooltip="false"
    />
    <section
      class="unnnic-radio-container"
      data-testid="radio-format-xlsx"
      data-v-4f08a4d6=""
      data-v-558de5ab=""
    >
      <unnnic-icon-stub
        class="unnnic-radio"
        clickable="false"
        data-v-abd1b195=""
        filled="false"
        icon="radio-selected"
        scheme="brand-weni"
        size="md"
      />
      <span
        class="label"
        data-v-abd1b195=""
      >
        <input
          checked=""
          class="unnnic-radio"
          data-v-558de5ab=""
          name=""
          type="radio"
        />
        <p
          class="unnnic-radio__label"
          data-v-558de5ab=""
        >
           
          
          .XLSX
          
        </p>
      </label>
    </section>
    <section
      class="unnnic-radio-container"
      data-testid="radio-format-csv"
      data-v-4f08a4d6=""
      data-v-558de5ab=""
    >
      <unnnic-icon-stub
        class="unnnic-radio"
        clickable="false"
        data-v-abd1b195=""
        filled="false"
        icon="radio-default"
        scheme="neutral-cleanest"
        size="md"
      />
      <span
        class="label"
        data-v-abd1b195=""
      >
        <input
          class="unnnic-radio"
          data-v-558de5ab=""
          name=""
          type="radio"
        />
        <p
          class="unnnic-radio__label"
          data-v-558de5ab=""
        >
           
          
          .CSV
          
        </p>
      </label>
    </section>
  </section>
  <section
    class="export-footer__terms"
    data-testid="export-footer-terms"
    data-v-4f08a4d6=""
  >
    <p
      class="export-footer__terms-warning"
      data-testid="export-footer-warning"
      data-v-4f08a4d6=""
    >
      <unnnic-icon-stub
        clickable="false"
        data-v-4f08a4d6=""
        filled="true"
        icon="alert-circle-1"
        next=""
        scheme="feedback-yellow"
        size="ant"
      />
      Warning message
    </p>
    <section
      class="unnnic-checkbox-wrapper"
      data-testid="export-footer-accept-terms"
      data-v-4f08a4d6=""
      data-v-7fe6356c=""
    >
      <unnnic-icon-stub
        class="unnnic-checkbox"
        clickable="true"
        data-v-f5f8c62c=""
        filled="false"
        icon="checkbox-default"
        scheme="neutral-clean"
        size="md"
      />
      <div
        class="unnnic-checkbox__label unnnic-checkbox__label__right unnnic-checkbox__label__md"
        data-testid="checkbox-text-right"
        data-v-f5f8c62c=""
      >
        <input
          class="unnnic-checkbox"
          data-v-7fe6356c=""
          type="checkbox"
        />
        <p
          class="unnnic-checkbox__label"
          data-testid="checkbox-text-right"
          data-v-7fe6356c=""
        >
          I accept terms
        </p>
      </label>
      <!---->
    </section>
  </section>
</section>
`;
